// Jest Snapshot v1, https://goo.gl/fbAQLP

exports[`Assessment Constants:ActionTypes should match the snapshot 1`] = `
Object {
  "ADD_ANSWER": "[questions] add answer",
  "ADD_EVALUATION": "[questions] add evulation",
  "ADD_ITEM_EVALUATION": "[evaluation] add evaluation",
  "AUTHOR_QUESTION": "author question",
  "CHANGE_PREVIEW": "[view] change view",
  "CHECK_ANSWER": "[answers] check answers",
  "CREATE_ITEM_REQUEST": "[items] create item request",
  "FILE_UPLOAD_ERROR": "[test] upload file error",
  "FILE_UPLOAD_REQUEST": "[test] upload file request",
  "FILE_UPLOAD_SUCCESS": "[test] upload file success",
  "FINISH_TEST": "[test] finish test",
  "GOTO_ITEM": "[items] goto a particular item",
  "GOTO_QUESTION": "[questions] goto question",
  "INIT_TEST_ACTIVITY": "[test] initiate test activity",
  "LOAD_ANSWERS": "[answers] load answers",
  "LOAD_ASSESSMENT": "[assessment] load assessment",
  "LOAD_PREVIOUS_RESPONSES": "[test] load previouls responses",
  "LOAD_QUESTIONS": "[questions] load questions",
  "LOAD_TEST": "[test] load test",
  "LOAD_TEST_ITEMS": "[test] load test items",
  "LOAD_THEME": "[theme] load theme",
  "LOAD_USER_RESPONSE": "[items] load user response",
  "QUESTIONCOMMON_ADD_ALT_RESPONSES": "[QuestionCommon] QUESTIONCOMMON_ADD_ALT_RESPONSES",
  "QUESTIONCOMMON_CLEAR": "[QuestionCommon] QUESTIONCOMMON_CLEAR",
  "QUESTIONCOMMON_SET_STATE": "[QuestionCommon] QUESTIONCOMMON_SET_STATE",
  "QUESTIONCOMMON_UPDATE_ALT_VALIDATION_SCORE": "[QuestionCommon] QUESTIONCOMMON_UPDATE_ALT_VALIDATION_SCORE",
  "QUESTIONCOMMON_UPDATE_CORRECT_VALIDATION_SCORE": "[QuestionCommon] QUESTIONCOMMON_UPDATE_CORRECT_VALIDATION_SCORE",
  "QUESTIONCOMMON_UPDATE_QUESTIONS_LIST": "[QuestionCommon] QUESTIONCOMMON_UPDATE_QUESTIONS_LIST",
  "QUESTIONCOMMON_UPDATE_STIMULUS": "[QuestionCommon] QUESTIONCOMMON_UPDATE_STIMULUS",
  "QUESTIONCOMMON_UPDATE_VALIDATION": "[QuestionCommon] QUESTIONCOMMON_UPDATE_VALIDATION",
  "RECEIVE_ITEMS_ERROR": "[items] receive items error",
  "RECEIVE_ITEMS_REQUEST": "[items] receive items request",
  "RECEIVE_ITEMS_SUCCESS": "[items] receive items success",
  "RECEIVE_ITEM_ERROR": "[items] receive item error",
  "RECEIVE_ITEM_REQUEST": "[items] receive item request",
  "RECEIVE_ITEM_SUCCESS": "[items] receive item success",
  "SAVE_USER_RESPONSE": "[items] save user response",
  "SET_ANSWER": "[answers] set answer",
  "SET_TEST_ACTIVITY_ID": "[test] add test activity id",
  "SET_TEST_ID": "[test] set test id",
  "UPDATE_ITEM_REQUEST": "[items] update item request",
}
`;

exports[`Author Constants:ActionTypes should match the snapshot 1`] = `
Object {
  "ADD_ASSIGNMENT": "[assignments] add assignment",
  "ADD_ITEM_EVALUATION": "[evaluation] add evaluation",
  "CHANGE_PREVIEW": "[view] change view",
  "CHANGE_PREVIEW_TAB": "[preview] CHANGE_PREVIEW_TAB",
  "CHANGE_VIEW": "[view] CHANGE_VIEW",
  "CHECK_ANSWER": "[testItem] evaluate test item",
  "CREATE_ITEM_REQUEST": "[items] create item request",
  "CREATE_TEST_ERROR": "[tests] create test error",
  "CREATE_TEST_ITEM_ERROR": "[testItem] create item error",
  "CREATE_TEST_ITEM_REQUEST": "[testItem] create item request",
  "CREATE_TEST_ITEM_SUCCESS": "[testItem] create item success",
  "CREATE_TEST_REQUEST": "[tests] create test request",
  "CREATE_TEST_SUCCESS": "[tests] create test success",
  "DELETE_ASSIGNMENT": "[assignments] delete assignment",
  "DELETE_ITEM_DETAIL_WIDGET": "[itemDetail] delete widget",
  "FETCH_ASSIGNMENTS": "[assignments] fetch assignments",
  "FETCH_GROUPS": "[group] fetch owner groups",
  "FETCH_GROUP_STUDENTS": "[group] fetch students of group",
  "LOAD_ASSESSMENT": "load assessment",
  "LOAD_ASSIGNMENTS": "[assignments] load assignments",
  "LOAD_THEME": "load theme",
  "MOVE_WIDGET": "[itemDetail] move widget",
  "PREVIEW_UPDATE_LIST": "[preview] PREVIEW_UPDATE_LIST",
  "RECEIVE_DICT_CURRICULUMS_ERROR": "[dictionaries] receive curriculums error",
  "RECEIVE_DICT_CURRICULUMS_REQUEST": "[dictionaries] receive curriculums request",
  "RECEIVE_DICT_CURRICULUMS_SUCCESS": "[dictionaries] receive curriculums success",
  "RECEIVE_DICT_STANDARDS_ERROR": "[dictionaries] receive standards error",
  "RECEIVE_DICT_STANDARDS_REQUEST": "[dictionaries] receive standards request",
  "RECEIVE_DICT_STANDARDS_SUCCESS": "[dictionaries] receive standards success",
  "RECEIVE_ITEMS_ERROR": "[items] receive items error",
  "RECEIVE_ITEMS_REQUEST": "[items] receive items request",
  "RECEIVE_ITEMS_SUCCESS": "[items] receive items success",
  "RECEIVE_ITEM_DETAIL_ERROR": "[itemDetail] receive error",
  "RECEIVE_ITEM_DETAIL_REQUEST": "[itemDetail] receive request",
  "RECEIVE_ITEM_DETAIL_SUCCESS": "[itemDetail] receive success",
  "RECEIVE_ITEM_ERROR": "[items] receive item error",
  "RECEIVE_ITEM_REQUEST": "[items] receive item request",
  "RECEIVE_ITEM_SUCCESS": "[items] receive item success",
  "RECEIVE_QUESTION_ERROR": "[question] receive question error",
  "RECEIVE_QUESTION_REQUEST": "[question] receive question request",
  "RECEIVE_QUESTION_SUCCESS": "[question] receive question success",
  "RECEIVE_TESTS_ERROR": "[tests] receive list error",
  "RECEIVE_TESTS_REQUEST": "[tests] receive list request",
  "RECEIVE_TESTS_SUCCESS": "[tests] receive list success",
  "RECEIVE_TEST_BY_ID_ERROR": "[tests] receive test by id error",
  "RECEIVE_TEST_BY_ID_REQUEST": "[tests] receive test by id request",
  "RECEIVE_TEST_BY_ID_SUCCESS": "[tests] receive test by id success",
  "RECEIVE_TEST_ITEMS_ERROR": "[testItems] receive items error",
  "RECEIVE_TEST_ITEMS_REQUEST": "[testItems] receive items request",
  "RECEIVE_TEST_ITEMS_SUCCESS": "[testItems] receive items success",
  "REMOVE_ASSIGNMENT": "[assignments] remove assignment",
  "RESPONSIVE_TOGGLE_MENU": "[homeUI] responsive toggle menu",
  "SAVE_QUESTION_ERROR": "[question] save question error",
  "SAVE_QUESTION_REQUEST": "[question] save question request",
  "SAVE_QUESTION_SUCCESS": "[question] save question success",
  "SET_ASSIGNMENT": "[assignments] set assignment",
  "SET_DEFAULT_TEST_DATA": "[tests] set default test data",
  "SET_DRAGGING": "[itemDetail] set dragging",
  "SET_GROUPS": "[group] set owner groups",
  "SET_GROUP_STUDENTS": "[group] set group students",
  "SET_ITEM_DETAIL_DATA": "[itemDetail] set data",
  "SET_QUESTION": "[question] set question",
  "SET_QUESTION_ALIGNMENT_ADD_ROW": "[question] set question alignment add row",
  "SET_QUESTION_ALIGNMENT_REMOVE_ROW": "[question] set question alignment remove row",
  "SET_QUESTION_ALIGNMENT_ROW": "[question] set question alignment row",
  "SET_QUESTION_ALIGNMENT_ROW_STANDARDS": "[question] set question alignment row standards",
  "SET_QUESTION_DATA": "[question] set question data",
  "SET_TEST_DATA": "[tests] set test data",
  "SET_TEST_ITEMS_REQUEST": "[testItems] set items request",
  "SHOW_ANSWER": "[testItem] show test item answer",
  "TOGGLE_MENU": "[homeUI] toggle menu",
  "UPDATE_ASSIGNMENT": "[assignments] update assignment",
  "UPDATE_ITEM_DETAIL_DIMENSION": "[itemDetail] update dimension",
  "UPDATE_ITEM_DETAIL_ERROR": "[itemDetail] update by id error",
  "UPDATE_ITEM_DETAIL_REQUEST": "[itemDetail] update by id request",
  "UPDATE_ITEM_DETAIL_SUCCESS": "[itemDetail] update by id success",
  "UPDATE_ITEM_REQUEST": "[items] update item request",
  "UPDATE_SET_ASSIGNMENT": "[assignments] update set assingment",
  "UPDATE_TAB_TITLE": "[itemDetail] update tab title",
  "UPDATE_TEST_ERROR": "[tests] update test error",
  "UPDATE_TEST_ITEM_ERROR": "[testItem] update by id error",
  "UPDATE_TEST_ITEM_REQUEST": "[testItem] update by id request",
  "UPDATE_TEST_ITEM_SUCCESS": "[testItem] update by id success",
  "UPDATE_TEST_REQUEST": "[tests] update test request",
  "UPDATE_TEST_SUCCESS": "[tests] update test success",
  "USE_TABS": "[itemDetail] is use tabs",
}
`;

exports[`Student Constants:ActionTypes should match the snapshot 1`] = `
Object {
  "ADD_ANSWER": "add answer",
  "ADD_EVALUATION": "add evaluation",
  "AUTHOR_QUESTION": "author question",
  "CHECK_ANSWER": "check answer",
  "FETCH_REPORTS": "[reports] fetch reports",
  "GOTO_QUESTION": "goto question",
  "LOAD_ASSESSMENT": "load assessment",
  "LOAD_DASHBOARD_TEST": "load dashboardtest",
  "LOAD_QUESTIONS": "load questions",
  "LOAD_REPORTS": "[reports] load reports",
  "LOAD_THEME": "load theme",
  "LOGIN": "login user",
  "RESPONSIVE_TOGGLE_MENU": "[homeUI] responsive toggle menu",
  "SET_STUDENT_TEST": "load studenttest",
  "SET_USER": "[user] set user",
  "SIGNUP": "signup user",
  "TOGGLE_MENU": "[homeUI] toggle menu",
}
`;
